

<!DOCTYPE html>
<html class="writer-html5" lang="en" data-content_root="../../../../../">
<head>
  <meta charset="utf-8" />
  <meta name="viewport" content="width=device-width, initial-scale=1.0" />
  <title>geometor.divine.golden.ranges &mdash; GEOMETOR • divine</title>
      <link rel="stylesheet" type="text/css" href="../../../../../_static/pygments.css?v=ea5fcf70" />
      <link rel="stylesheet" type="text/css" href="../../../../../_static/css/theme.css?v=e59714d7" />
      <link rel="stylesheet" type="text/css" href="../../../../../_static/graphviz.css?v=4ae1632d" />

  
    <link rel="canonical" href="https://geometor.github.io/divine/_modules/geometor/divine/golden/ranges/" />
      <script src="../../../../../_static/jquery.js?v=5d32c60e"></script>
      <script src="../../../../../_static/_sphinx_javascript_frameworks_compat.js?v=2cd50e6c"></script>
      <script src="../../../../../_static/documentation_options.js?v=187304be"></script>
      <script src="../../../../../_static/doctools.js?v=9bcbadda"></script>
      <script src="../../../../../_static/sphinx_highlight.js?v=dc90522c"></script>
    <script src="../../../../../_static/js/theme.js"></script>
    <link rel="author" title="About these documents" href="../../../../../about/" />
    <link rel="index" title="Index" href="../../../../../genindex/" />
    <link rel="search" title="Search" href="../../../../../search/" />   
<link
  rel="alternate"
  type="application/atom+xml"
  href="../../../../../log/atom.xml"
  title="GEOMETOR • divine"
/>
 
<style type="text/css">
  ul.ablog-archive {
    list-style: none;
    overflow: auto;
    margin-left: 0px;
  }
  ul.ablog-archive li {
    float: left;
    margin-right: 5px;
    font-size: 80%;
  }
  ul.postlist a {
    font-style: italic;
  }
  ul.postlist-style-disc {
    list-style-type: disc;
  }
  ul.postlist-style-none {
    list-style-type: none;
  }
  ul.postlist-style-circle {
    list-style-type: circle;
  }
</style>

</head>

<body class="wy-body-for-nav"> 
  <div class="wy-grid-for-nav">
    <nav data-toggle="wy-nav-shift" class="wy-nav-side">
      <div class="wy-side-scroll">
        <div class="wy-side-nav-search" >

          
          
          <a href="../../../../../" class="icon icon-home">
            GEOMETOR • divine
              <img src="../../../../../_static/logo.png" class="logo" alt="Logo"/>
          </a>
<div role="search">
  <form id="rtd-search-form" class="wy-form" action="../../../../../search/" method="get">
    <input type="text" name="q" placeholder="Search docs" aria-label="Search docs" />
    <input type="hidden" name="check_keywords" value="yes" />
    <input type="hidden" name="area" value="default" />
  </form>
</div>
        </div><div class="wy-menu wy-menu-vertical" data-spy="affix" role="navigation" aria-label="Navigation menu">
              <ul>
<li class="toctree-l1"><a class="reference internal" href="../../../../../mission/">mission</a></li>
<li class="toctree-l1"><a class="reference internal" href="../../../../../overview/">overview</a></li>
<li class="toctree-l1"><a class="reference internal" href="../../../../../usage/">usage</a></li>
<li class="toctree-l1"><a class="reference internal" href="../../../../../modules/">modules</a></li>
<li class="toctree-l1"><a class="reference internal" href="../../../../../demos/">demos</a></li>
<li class="toctree-l1"><a class="reference internal" href="../../../../../logs/">logs</a></li>
<li class="toctree-l1"><a class="reference internal" href="../../../../../refs/">references</a></li>
<li class="toctree-l1"><a class="reference internal" href="../../../../../todos/">todos</a></li>
<li class="toctree-l1"><a class="reference internal" href="../../../../../changelog/">changelog</a></li>
<li class="toctree-l1"><a class="reference internal" href="../../../../../glossary/">glossary</a></li>
<li class="toctree-l1"><a class="reference internal" href="../../../../../contribute/">contribute</a></li>
<li class="toctree-l1"><a class="reference internal" href="../../../../../discuss/">discuss</a></li>
<li class="toctree-l1"><a class="reference internal" href="../../../../../about/">About GEOMETOR</a></li>
</ul>

        </div>
      </div>
    </nav>

    <section data-toggle="wy-nav-shift" class="wy-nav-content-wrap"><nav class="wy-nav-top" aria-label="Mobile navigation menu" >
          <i data-toggle="wy-nav-top" class="fa fa-bars"></i>
          <a href="../../../../../">GEOMETOR • divine</a>
      </nav>

      <div class="wy-nav-content">
        <div class="rst-content">
          <div role="navigation" aria-label="Page navigation">
  <ul class="wy-breadcrumbs">
      <li><a href="../../../../../" class="icon icon-home" aria-label="Home"></a></li>
          <li class="breadcrumb-item"><a href="../../../../">Module code</a></li>
          <li class="breadcrumb-item"><a href="../">geometor.divine.golden</a></li>
      <li class="breadcrumb-item active">geometor.divine.golden.ranges</li>
      <li class="wy-breadcrumbs-aside">
      </li>
  </ul>
  <hr/>
</div>
          <div role="main" class="document" itemscope="itemscope" itemtype="http://schema.org/Article">
           <div itemprop="articleBody">
              <h1>Source code for geometor.divine.golden.ranges</h1><div class="highlight"><pre>
<span></span>
<span class="kn">from</span><span class="w"> </span><span class="nn">rich</span><span class="w"> </span><span class="kn">import</span> <span class="nb">print</span>
<span class="kn">from</span><span class="w"> </span><span class="nn">collections</span><span class="w"> </span><span class="kn">import</span> <span class="n">defaultdict</span>

<span class="kn">from</span><span class="w"> </span><span class="nn">geometor.model</span><span class="w"> </span><span class="kn">import</span> <span class="o">*</span>
<span class="kn">from</span><span class="w"> </span><span class="nn">geometor.model.utils</span><span class="w"> </span><span class="kn">import</span> <span class="o">*</span>
<span class="kn">from</span><span class="w"> </span><span class="nn">geometor.render</span><span class="w"> </span><span class="kn">import</span> <span class="o">*</span>

<div class="viewcode-block" id="check_range">
<a class="viewcode-back" href="../../../../../modules/geometor.divine.golden/#geometor.divine.golden.ranges.check_range">[docs]</a>
<span class="k">def</span><span class="w"> </span><span class="nf">check_range</span><span class="p">(</span><span class="n">r</span><span class="p">):</span>
    <span class="n">ad</span> <span class="o">=</span> <span class="n">spg</span><span class="o">.</span><span class="n">Segment</span><span class="p">(</span><span class="n">r</span><span class="p">[</span><span class="mi">0</span><span class="p">],</span> <span class="n">r</span><span class="p">[</span><span class="mi">3</span><span class="p">])</span><span class="o">.</span><span class="n">length</span>
    <span class="n">cd</span> <span class="o">=</span> <span class="n">spg</span><span class="o">.</span><span class="n">Segment</span><span class="p">(</span><span class="n">r</span><span class="p">[</span><span class="mi">2</span><span class="p">],</span> <span class="n">r</span><span class="p">[</span><span class="mi">3</span><span class="p">])</span><span class="o">.</span><span class="n">length</span>
    <span class="n">ac</span> <span class="o">=</span> <span class="n">spg</span><span class="o">.</span><span class="n">Segment</span><span class="p">(</span><span class="n">r</span><span class="p">[</span><span class="mi">0</span><span class="p">],</span> <span class="n">r</span><span class="p">[</span><span class="mi">2</span><span class="p">])</span><span class="o">.</span><span class="n">length</span>
    <span class="n">bc</span> <span class="o">=</span> <span class="n">spg</span><span class="o">.</span><span class="n">Segment</span><span class="p">(</span><span class="n">r</span><span class="p">[</span><span class="mi">1</span><span class="p">],</span> <span class="n">r</span><span class="p">[</span><span class="mi">2</span><span class="p">])</span><span class="o">.</span><span class="n">length</span>
    <span class="k">return</span> <span class="n">sp</span><span class="o">.</span><span class="n">simplify</span><span class="p">((</span><span class="n">ad</span> <span class="o">/</span> <span class="n">cd</span><span class="p">)</span> <span class="o">-</span> <span class="p">(</span><span class="n">ac</span> <span class="o">/</span> <span class="n">bc</span><span class="p">))</span></div>



<div class="viewcode-block" id="analyze_harmonics">
<a class="viewcode-back" href="../../../../../modules/geometor.divine.golden/#geometor.divine.golden.ranges.analyze_harmonics">[docs]</a>
<span class="k">def</span><span class="w"> </span><span class="nf">analyze_harmonics</span><span class="p">(</span><span class="n">line</span><span class="p">):</span>
    <span class="n">line_pts</span> <span class="o">=</span> <span class="n">sort_points</span><span class="p">(</span><span class="n">line</span><span class="o">.</span><span class="n">pts</span><span class="p">)</span>
    <span class="c1">#  for pt in line_pts:</span>
    <span class="c1">#  print(pt.x, pt.x.evalf(), pt.y, pt.y.evalf())</span>
    <span class="n">ranges</span> <span class="o">=</span> <span class="nb">list</span><span class="p">(</span><span class="n">combinations</span><span class="p">(</span><span class="n">line_pts</span><span class="p">,</span> <span class="mi">4</span><span class="p">))</span>
    <span class="n">harmonics</span> <span class="o">=</span> <span class="p">[]</span>
    <span class="k">for</span> <span class="n">i</span><span class="p">,</span> <span class="n">r</span> <span class="ow">in</span> <span class="nb">enumerate</span><span class="p">(</span><span class="n">ranges</span><span class="p">):</span>
        <span class="n">chk</span> <span class="o">=</span> <span class="n">check_range</span><span class="p">(</span><span class="n">r</span><span class="p">)</span>
        <span class="c1">#  if chk == 1 or chk == -1:</span>
        <span class="c1">#  if chk == 0 or chk == -1:</span>
        <span class="k">if</span> <span class="n">chk</span> <span class="o">==</span> <span class="mi">0</span><span class="p">:</span>
            <span class="c1">#  print(i, chk)</span>
            <span class="c1">#  print(f&#39;    {r}&#39;)</span>
            <span class="n">harmonics</span><span class="o">.</span><span class="n">append</span><span class="p">(</span><span class="n">r</span><span class="p">)</span>
    <span class="k">return</span> <span class="n">harmonics</span></div>



<div class="viewcode-block" id="analyze_harmonics_by_segment">
<a class="viewcode-back" href="../../../../../modules/geometor.divine.golden/#geometor.divine.golden.ranges.analyze_harmonics_by_segment">[docs]</a>
<span class="k">def</span><span class="w"> </span><span class="nf">analyze_harmonics_by_segment</span><span class="p">(</span><span class="n">sections_by_line</span><span class="p">):</span>
    <span class="n">harmonics_by_segment</span> <span class="o">=</span> <span class="p">{}</span>
    <span class="k">for</span> <span class="n">line</span><span class="p">,</span> <span class="n">line_sections</span> <span class="ow">in</span> <span class="n">sections_by_line</span><span class="o">.</span><span class="n">items</span><span class="p">():</span>
        <span class="c1">#  print(line)</span>
        <span class="n">group_by_segments</span> <span class="o">=</span> <span class="n">defaultdict</span><span class="p">(</span><span class="nb">list</span><span class="p">)</span>
        <span class="k">for</span> <span class="n">line_section</span> <span class="ow">in</span> <span class="n">line_sections</span><span class="p">:</span>
            <span class="n">group_by_segments</span><span class="p">[</span><span class="n">line_section</span><span class="p">[</span><span class="mi">0</span><span class="p">]]</span><span class="o">.</span><span class="n">append</span><span class="p">(</span><span class="n">line_section</span><span class="p">)</span>
            <span class="n">group_by_segments</span><span class="p">[</span><span class="n">line_section</span><span class="p">[</span><span class="mi">1</span><span class="p">]]</span><span class="o">.</span><span class="n">append</span><span class="p">(</span><span class="n">line_section</span><span class="p">)</span>
        <span class="n">harmonics_by_segment</span><span class="p">[</span><span class="n">line</span><span class="p">]</span> <span class="o">=</span> <span class="n">group_by_segments</span>

    <span class="k">return</span> <span class="n">harmonics_by_segment</span></div>


</pre></div>
<div class="section">
   
</div>

           </div>
          </div>
          <footer>

  <hr/>

  <div role="contentinfo">
    <p>&#169; Copyright 2025, GEOMETOR.</p>
  </div>

  Built with <a href="https://www.sphinx-doc.org/">Sphinx</a> using a
    <a href="https://github.com/readthedocs/sphinx_rtd_theme">theme</a>
    provided by <a href="https://readthedocs.org">Read the Docs</a>.
   

</footer>
        </div>
      </div>
    </section>
  </div>
  <script>
      jQuery(function () {
          SphinxRtdTheme.Navigation.enable(true);
      });
  </script> 

</body>
</html>