

<!DOCTYPE html>
<html class="writer-html5" lang="en" data-content_root="../../../../../">
<head>
  <meta charset="utf-8" />
  <meta name="viewport" content="width=device-width, initial-scale=1.0" />
  <title>geometor.divine.golden.chains &mdash; GEOMETOR • divine</title>
      <link rel="stylesheet" type="text/css" href="../../../../../_static/pygments.css?v=ea5fcf70" />
      <link rel="stylesheet" type="text/css" href="../../../../../_static/css/theme.css?v=e59714d7" />
      <link rel="stylesheet" type="text/css" href="../../../../../_static/graphviz.css?v=4ae1632d" />

  
    <link rel="canonical" href="https://geometor.github.io/divine/_modules/geometor/divine/golden/chains/" />
      <script src="../../../../../_static/jquery.js?v=5d32c60e"></script>
      <script src="../../../../../_static/_sphinx_javascript_frameworks_compat.js?v=2cd50e6c"></script>
      <script src="../../../../../_static/documentation_options.js?v=187304be"></script>
      <script src="../../../../../_static/doctools.js?v=9bcbadda"></script>
      <script src="../../../../../_static/sphinx_highlight.js?v=dc90522c"></script>
    <script src="../../../../../_static/js/theme.js"></script>
    <link rel="author" title="About these documents" href="../../../../../about/" />
    <link rel="index" title="Index" href="../../../../../genindex/" />
    <link rel="search" title="Search" href="../../../../../search/" />   
<link
  rel="alternate"
  type="application/atom+xml"
  href="../../../../../log/atom.xml"
  title="GEOMETOR • divine"
/>
 
<style type="text/css">
  ul.ablog-archive {
    list-style: none;
    overflow: auto;
    margin-left: 0px;
  }
  ul.ablog-archive li {
    float: left;
    margin-right: 5px;
    font-size: 80%;
  }
  ul.postlist a {
    font-style: italic;
  }
  ul.postlist-style-disc {
    list-style-type: disc;
  }
  ul.postlist-style-none {
    list-style-type: none;
  }
  ul.postlist-style-circle {
    list-style-type: circle;
  }
</style>

</head>

<body class="wy-body-for-nav"> 
  <div class="wy-grid-for-nav">
    <nav data-toggle="wy-nav-shift" class="wy-nav-side">
      <div class="wy-side-scroll">
        <div class="wy-side-nav-search" >

          
          
          <a href="../../../../../" class="icon icon-home">
            GEOMETOR • divine
              <img src="../../../../../_static/logo.png" class="logo" alt="Logo"/>
          </a>
<div role="search">
  <form id="rtd-search-form" class="wy-form" action="../../../../../search/" method="get">
    <input type="text" name="q" placeholder="Search docs" aria-label="Search docs" />
    <input type="hidden" name="check_keywords" value="yes" />
    <input type="hidden" name="area" value="default" />
  </form>
</div>
        </div><div class="wy-menu wy-menu-vertical" data-spy="affix" role="navigation" aria-label="Navigation menu">
              <ul>
<li class="toctree-l1"><a class="reference internal" href="../../../../../mission/">mission</a></li>
<li class="toctree-l1"><a class="reference internal" href="../../../../../overview/">overview</a></li>
<li class="toctree-l1"><a class="reference internal" href="../../../../../usage/">usage</a></li>
<li class="toctree-l1"><a class="reference internal" href="../../../../../modules/">modules</a></li>
<li class="toctree-l1"><a class="reference internal" href="../../../../../demos/">demos</a></li>
<li class="toctree-l1"><a class="reference internal" href="../../../../../logs/">logs</a></li>
<li class="toctree-l1"><a class="reference internal" href="../../../../../refs/">references</a></li>
<li class="toctree-l1"><a class="reference internal" href="../../../../../todos/">todos</a></li>
<li class="toctree-l1"><a class="reference internal" href="../../../../../changelog/">changelog</a></li>
<li class="toctree-l1"><a class="reference internal" href="../../../../../glossary/">glossary</a></li>
<li class="toctree-l1"><a class="reference internal" href="../../../../../contribute/">contribute</a></li>
<li class="toctree-l1"><a class="reference internal" href="../../../../../discuss/">discuss</a></li>
<li class="toctree-l1"><a class="reference internal" href="../../../../../about/">About GEOMETOR</a></li>
</ul>

        </div>
      </div>
    </nav>

    <section data-toggle="wy-nav-shift" class="wy-nav-content-wrap"><nav class="wy-nav-top" aria-label="Mobile navigation menu" >
          <i data-toggle="wy-nav-top" class="fa fa-bars"></i>
          <a href="../../../../../">GEOMETOR • divine</a>
      </nav>

      <div class="wy-nav-content">
        <div class="rst-content">
          <div role="navigation" aria-label="Page navigation">
  <ul class="wy-breadcrumbs">
      <li><a href="../../../../../" class="icon icon-home" aria-label="Home"></a></li>
          <li class="breadcrumb-item"><a href="../../../../">Module code</a></li>
          <li class="breadcrumb-item"><a href="../">geometor.divine.golden</a></li>
      <li class="breadcrumb-item active">geometor.divine.golden.chains</li>
      <li class="wy-breadcrumbs-aside">
      </li>
  </ul>
  <hr/>
</div>
          <div role="main" class="document" itemscope="itemscope" itemtype="http://schema.org/Article">
           <div itemprop="articleBody">
              <h1>Source code for geometor.divine.golden.chains</h1><div class="highlight"><pre>
<span></span><span class="sd">&quot;&quot;&quot;</span>
<span class="sd">Golden Chain Analyzer: Harmonic Range Identification in Golden Sections</span>

<span class="sd">This module is designed to analyze and explore chains of connected golden </span>
<span class="sd">sections, unraveling the harmonic ranges within geometric structures. </span>
<span class="sd">Utilizing sophisticated mathematical analysis and geometric algorithms, </span>
<span class="sd">it aims to identify, categorize, and unpack chains, providing an intuitive </span>
<span class="sd">understanding of their intrinsic geometric harmonies.</span>

<span class="sd">Features:</span>
<span class="sd">  </span>
<span class="sd">- `find_chains_in_sections`: A function designed to meticulously identify </span>
<span class="sd">  chains within a collection of sections, resulting in a hierarchical tree </span>
<span class="sd">  structure representing connected sections.</span>
<span class="sd">  </span>
<span class="sd">- `unpack_chains`: Unveils the chains hidden within the tree structure, </span>
<span class="sd">  outputting a list of individual `Chain` objects ready for analysis.</span>

<span class="sd">Each chain’s flow is characterized by the comparative lengths of consecutive</span>
<span class="sd">segments, represented symbolically to understand the progression and </span>
<span class="sd">transitions in segment lengths. Furthermore, this module empowers users to </span>
<span class="sd">explore symmetry lines within chains, unveiling a subtle, profound aspect of </span>
<span class="sd">geometric harmony.</span>

<span class="sd">&quot;&quot;&quot;</span>

<span class="kn">from</span><span class="w"> </span><span class="nn">rich</span><span class="w"> </span><span class="kn">import</span> <span class="nb">print</span>
<span class="kn">from</span><span class="w"> </span><span class="nn">collections</span><span class="w"> </span><span class="kn">import</span> <span class="n">defaultdict</span>

<span class="kn">from</span><span class="w"> </span><span class="nn">geometor.model</span><span class="w"> </span><span class="kn">import</span> <span class="o">*</span>
<span class="kn">from</span><span class="w"> </span><span class="nn">geometor.model.utils</span><span class="w"> </span><span class="kn">import</span> <span class="o">*</span>
<span class="kn">from</span><span class="w"> </span><span class="nn">geometor.render</span><span class="w"> </span><span class="kn">import</span> <span class="o">*</span>



<div class="viewcode-block" id="find_chains_in_sections">
<a class="viewcode-back" href="../../../../../modules/geometor.divine.golden/#geometor.divine.golden.chains.find_chains_in_sections">[docs]</a>
<span class="k">def</span><span class="w"> </span><span class="nf">find_chains_in_sections</span><span class="p">(</span><span class="n">sections</span><span class="p">:</span> <span class="nb">list</span><span class="p">[</span><span class="n">Section</span><span class="p">])</span> <span class="o">-&gt;</span> <span class="nb">dict</span><span class="p">:</span>
<span class="w">    </span><span class="sd">&quot;&quot;&quot;</span>
<span class="sd">    Identify chains of connected golden sections to form harmonic ranges.</span>

<span class="sd">    parameters:</span>
<span class="sd">        ``sections`` : :class:`list[Section]`</span>
<span class="sd">            A list of Section objects representing golden sections to be analyzed.</span>

<span class="sd">    returns:</span>
<span class="sd">        :class:`dict`</span>
<span class="sd">            A dictionary representing a tree structure where each node is a</span>
<span class="sd">            Section and connected Sections are child nodes.</span>
<span class="sd">    &quot;&quot;&quot;</span>

    <span class="k">def</span><span class="w"> </span><span class="nf">add_to_chain_tree</span><span class="p">(</span><span class="n">section</span><span class="p">,</span> <span class="n">tree</span><span class="p">):</span>
        <span class="n">next_sections</span> <span class="o">=</span> <span class="n">find_connected_sections</span><span class="p">(</span><span class="n">section</span><span class="p">,</span> <span class="n">sections</span><span class="p">,</span> <span class="n">in_chain</span><span class="p">)</span>
        <span class="k">for</span> <span class="n">next_section</span> <span class="ow">in</span> <span class="n">next_sections</span><span class="p">:</span>
            <span class="n">in_chain</span><span class="o">.</span><span class="n">add</span><span class="p">(</span><span class="n">next_section</span><span class="p">)</span>
            <span class="c1"># TODO: don&#39;t add section to the tree until we know there is a chain section</span>
            <span class="n">tree</span><span class="p">[</span><span class="n">next_section</span><span class="p">]</span> <span class="o">=</span> <span class="p">{}</span>
            <span class="n">add_to_chain_tree</span><span class="p">(</span><span class="n">next_section</span><span class="p">,</span> <span class="n">tree</span><span class="p">[</span><span class="n">next_section</span><span class="p">])</span>

    <span class="k">def</span><span class="w"> </span><span class="nf">find_connected_sections</span><span class="p">(</span><span class="n">current_section</span><span class="p">,</span> <span class="n">sections</span><span class="p">,</span> <span class="n">in_chain</span><span class="p">):</span>
        <span class="n">connected_sections</span> <span class="o">=</span> <span class="p">[]</span>
        <span class="k">for</span> <span class="n">section</span> <span class="ow">in</span> <span class="n">sections</span><span class="p">:</span>
            <span class="k">if</span> <span class="p">(</span>
                <span class="n">section</span> <span class="ow">not</span> <span class="ow">in</span> <span class="n">in_chain</span>
                <span class="ow">and</span> <span class="n">current_section</span><span class="o">.</span><span class="n">segments</span><span class="p">[</span><span class="mi">1</span><span class="p">]</span> <span class="o">==</span> <span class="n">section</span><span class="o">.</span><span class="n">segments</span><span class="p">[</span><span class="mi">0</span><span class="p">]</span>
            <span class="p">):</span>
                <span class="n">connected_sections</span><span class="o">.</span><span class="n">append</span><span class="p">(</span><span class="n">section</span><span class="p">)</span>
        <span class="k">return</span> <span class="n">connected_sections</span>

    <span class="n">chain_tree</span> <span class="o">=</span> <span class="p">{}</span>
    <span class="n">in_chain</span> <span class="o">=</span> <span class="nb">set</span><span class="p">()</span>

    <span class="k">for</span> <span class="n">section</span> <span class="ow">in</span> <span class="n">sections</span><span class="p">:</span>
        <span class="k">if</span> <span class="n">section</span> <span class="ow">not</span> <span class="ow">in</span> <span class="n">in_chain</span><span class="p">:</span>
            <span class="c1"># TODO: don&#39;t add section to the tree until we know there is a chain section</span>
            <span class="n">chain_tree</span><span class="p">[</span><span class="n">section</span><span class="p">]</span> <span class="o">=</span> <span class="p">{}</span>
            <span class="n">in_chain</span><span class="o">.</span><span class="n">add</span><span class="p">(</span><span class="n">section</span><span class="p">)</span>
            <span class="n">add_to_chain_tree</span><span class="p">(</span><span class="n">section</span><span class="p">,</span> <span class="n">chain_tree</span><span class="p">[</span><span class="n">section</span><span class="p">])</span>

    <span class="n">chain_tree</span> <span class="o">=</span> <span class="p">{</span><span class="n">k</span><span class="p">:</span> <span class="n">v</span> <span class="k">for</span> <span class="n">k</span><span class="p">,</span> <span class="n">v</span> <span class="ow">in</span> <span class="n">chain_tree</span><span class="o">.</span><span class="n">items</span><span class="p">()</span> <span class="k">if</span> <span class="n">v</span><span class="p">}</span>
    <span class="k">return</span> <span class="n">chain_tree</span></div>



<div class="viewcode-block" id="unpack_chains">
<a class="viewcode-back" href="../../../../../modules/geometor.divine.golden/#geometor.divine.golden.chains.unpack_chains">[docs]</a>
<span class="k">def</span><span class="w"> </span><span class="nf">unpack_chains</span><span class="p">(</span><span class="n">tree</span><span class="p">:</span> <span class="nb">dict</span><span class="p">)</span> <span class="o">-&gt;</span> <span class="nb">list</span><span class="p">[</span><span class="n">Chain</span><span class="p">]:</span>
<span class="w">    </span><span class="sd">&quot;&quot;&quot;</span>
<span class="sd">    Unpack the chain tree into a list of individual Chain objects.</span>

<span class="sd">    parameters:</span>
<span class="sd">        ``tree`` : :class:`dict`</span>
<span class="sd">            A dictionary representing a tree structure where each node is a</span>
<span class="sd">            Section and connected Sections are child nodes.</span>

<span class="sd">    returns:</span>
<span class="sd">        :class:`list[Chain]`</span>
<span class="sd">            A list containing Chain objects, each representing a chain</span>
<span class="sd">            of connected golden sections.</span>
<span class="sd">    &quot;&quot;&quot;</span>

    <span class="k">def</span><span class="w"> </span><span class="nf">dfs</span><span class="p">(</span><span class="n">node</span><span class="p">,</span> <span class="n">path</span><span class="p">,</span> <span class="n">chains</span><span class="p">):</span>
        <span class="k">if</span> <span class="ow">not</span> <span class="n">node</span><span class="p">:</span>
            <span class="n">chains</span><span class="o">.</span><span class="n">append</span><span class="p">(</span><span class="n">Chain</span><span class="p">(</span><span class="n">path</span><span class="p">))</span>  <span class="c1"># Create a Chain object and add it to the chains</span>
            <span class="k">return</span>

        <span class="k">for</span> <span class="n">child</span><span class="p">,</span> <span class="n">subtree</span> <span class="ow">in</span> <span class="n">node</span><span class="o">.</span><span class="n">items</span><span class="p">():</span>
            <span class="n">dfs</span><span class="p">(</span><span class="n">subtree</span><span class="p">,</span> <span class="n">path</span> <span class="o">+</span> <span class="p">[</span><span class="n">child</span><span class="p">],</span> <span class="n">chains</span><span class="p">)</span>

    <span class="n">chains</span> <span class="o">=</span> <span class="p">[]</span>
    <span class="k">for</span> <span class="n">root</span><span class="p">,</span> <span class="n">subtree</span> <span class="ow">in</span> <span class="n">tree</span><span class="o">.</span><span class="n">items</span><span class="p">():</span>
        <span class="n">dfs</span><span class="p">(</span><span class="n">subtree</span><span class="p">,</span> <span class="p">[</span><span class="n">root</span><span class="p">],</span> <span class="n">chains</span><span class="p">)</span>  <span class="c1"># Starting the path with the root section</span>

    <span class="k">return</span> <span class="n">chains</span></div>

</pre></div>
<div class="section">
   
</div>

           </div>
          </div>
          <footer>

  <hr/>

  <div role="contentinfo">
    <p>&#169; Copyright 2025, GEOMETOR.</p>
  </div>

  Built with <a href="https://www.sphinx-doc.org/">Sphinx</a> using a
    <a href="https://github.com/readthedocs/sphinx_rtd_theme">theme</a>
    provided by <a href="https://readthedocs.org">Read the Docs</a>.
   

</footer>
        </div>
      </div>
    </section>
  </div>
  <script>
      jQuery(function () {
          SphinxRtdTheme.Navigation.enable(true);
      });
  </script> 

</body>
</html>